[1/95] Building C object kernel/CMakeFiles/kernel.elf.dir/src/hal/x86_64/timer.c.obj
[2/95] Building C object kernel/CMakeFiles/kernel.elf.dir/src/arch/x86_64/cpu_caps.c.obj
[3/95] Building ASM object kernel/CMakeFiles/kernel.elf.dir/src/arch/x86_64/context_switch.S.obj
[4/95] Building C object kernel/CMakeFiles/kernel.elf.dir/src/arch/x86_64/context_switch.c.obj
FAILED: [code=1] kernel/CMakeFiles/kernel.elf.dir/src/arch/x86_64/context_switch.c.obj 
C:\PROGRA~1\LLVM\bin\clang.exe --target=x86_64-unknown-linux-gnu -DBHARAT_BOOT_GUI=1 -DBHARAT_BOOT_HW_PROFILE_generic=1 -IC:/workspace/Crazy_idea/Bharat-OS/kernel/include -IC:/workspace/Crazy_idea/Bharat-OS/kernel/include/generated -ffreestanding -fno-builtin -fno-stack-protector -fno-pic -fno-pie -std=gnu11 -ffreestanding -fno-builtin -fno-pic -Wall -Wextra -Werror=implicit-function-declaration -fstack-protector-strong -fno-strict-aliasing -fno-delete-null-pointer-checks -fno-pie -m64 -mno-red-zone -MD -MT kernel/CMakeFiles/kernel.elf.dir/src/arch/x86_64/context_switch.c.obj -MF kernel\CMakeFiles\kernel.elf.dir\src\arch\x86_64\context_switch.c.obj.d -o kernel/CMakeFiles/kernel.elf.dir/src/arch/x86_64/context_switch.c.obj -c C:/workspace/Crazy_idea/Bharat-OS/kernel/src/arch/x86_64/context_switch.c
In file included from C:/workspace/Crazy_idea/Bharat-OS/kernel/src/arch/x86_64/context_switch.c:1:
In file included from C:/workspace/Crazy_idea/Bharat-OS/kernel/include\arch/context_switch.h:4:
C:/workspace/Crazy_idea/Bharat-OS/kernel/include\sched.h:68:5: error: unknown type name 'spinlock_t'
   68 |     spinlock_t lock;
      |     ^
1 error generated.
[5/95] Building C object kernel/CMakeFiles/kernel.elf.dir/src/sched_deg.c.obj
FAILED: [code=1] kernel/CMakeFiles/kernel.elf.dir/src/sched_deg.c.obj 
C:\PROGRA~1\LLVM\bin\clang.exe --target=x86_64-unknown-linux-gnu -DBHARAT_BOOT_GUI=1 -DBHARAT_BOOT_HW_PROFILE_generic=1 -IC:/workspace/Crazy_idea/Bharat-OS/kernel/include -IC:/workspace/Crazy_idea/Bharat-OS/kernel/include/generated -ffreestanding -fno-builtin -fno-stack-protector -fno-pic -fno-pie -std=gnu11 -ffreestanding -fno-builtin -fno-pic -Wall -Wextra -Werror=implicit-function-declaration -fstack-protector-strong -fno-strict-aliasing -fno-delete-null-pointer-checks -fno-pie -m64 -mno-red-zone -MD -MT kernel/CMakeFiles/kernel.elf.dir/src/sched_deg.c.obj -MF kernel\CMakeFiles\kernel.elf.dir\src\sched_deg.c.obj.d -o kernel/CMakeFiles/kernel.elf.dir/src/sched_deg.c.obj -c C:/workspace/Crazy_idea/Bharat-OS/kernel/src/sched_deg.c
In file included from C:/workspace/Crazy_idea/Bharat-OS/kernel/src/sched_deg.c:1:
C:/workspace/Crazy_idea/Bharat-OS/kernel/include\sched.h:68:5: error: unknown type name 'spinlock_t'
   68 |     spinlock_t lock;
      |     ^
1 error generated.
[6/95] Building C object subsys/CMakeFiles/subsys_manager.dir/android/android_security.c.obj
FAILED: [code=1] subsys/CMakeFiles/subsys_manager.dir/android/android_security.c.obj 
C:\PROGRA~1\LLVM\bin\clang.exe --target=x86_64-unknown-linux-gnu  -IC:/workspace/Crazy_idea/Bharat-OS/subsys/include -IC:/workspace/Crazy_idea/Bharat-OS/kernel/include -ffreestanding -fno-builtin -fno-stack-protector -fno-pic -fno-pie -std=gnu11 -ffreestanding -nostdlib -Wall -MD -MT subsys/CMakeFiles/subsys_manager.dir/android/android_security.c.obj -MF subsys\CMakeFiles\subsys_manager.dir\android\android_security.c.obj.d -o subsys/CMakeFiles/subsys_manager.dir/android/android_security.c.obj -c C:/workspace/Crazy_idea/Bharat-OS/subsys/android/android_security.c
In file included from C:/workspace/Crazy_idea/Bharat-OS/subsys/android/android_security.c:1:
In file included from C:/workspace/Crazy_idea/Bharat-OS/kernel/include\android/android_security.h:4:
In file included from C:/workspace/Crazy_idea/Bharat-OS/kernel/include\android\android_personality.h:7:
In file included from C:/workspace/Crazy_idea/Bharat-OS/kernel/include\capability.h:6:
C:/workspace/Crazy_idea/Bharat-OS/kernel/include\sched.h:68:5: error: unknown type name 'spinlock_t'
   68 |     spinlock_t lock;
      |     ^
1 error generated.
[7/95] Building C object subsys/CMakeFiles/subsys_manager.dir/android/android_personality.c.obj
FAILED: [code=1] subsys/CMakeFiles/subsys_manager.dir/android/android_personality.c.obj 
C:\PROGRA~1\LLVM\bin\clang.exe --target=x86_64-unknown-linux-gnu  -IC:/workspace/Crazy_idea/Bharat-OS/subsys/include -IC:/workspace/Crazy_idea/Bharat-OS/kernel/include -ffreestanding -fno-builtin -fno-stack-protector -fno-pic -fno-pie -std=gnu11 -ffreestanding -nostdlib -Wall -MD -MT subsys/CMakeFiles/subsys_manager.dir/android/android_personality.c.obj -MF subsys\CMakeFiles\subsys_manager.dir\android\android_personality.c.obj.d -o subsys/CMakeFiles/subsys_manager.dir/android/android_personality.c.obj -c C:/workspace/Crazy_idea/Bharat-OS/subsys/android/android_personality.c
In file included from C:/workspace/Crazy_idea/Bharat-OS/subsys/android/android_personality.c:1:
In file included from C:/workspace/Crazy_idea/Bharat-OS/kernel/include\android/android_personality.h:7:
In file included from C:/workspace/Crazy_idea/Bharat-OS/kernel/include\capability.h:6:
C:/workspace/Crazy_idea/Bharat-OS/kernel/include\sched.h:68:5: error: unknown type name 'spinlock_t'
   68 |     spinlock_t lock;
      |     ^
1 error generated.
[8/95] Building C object subsys/CMakeFiles/subsys_manager.dir/android/android_binder_dist.c.obj
FAILED: [code=1] subsys/CMakeFiles/subsys_manager.dir/android/android_binder_dist.c.obj 
C:\PROGRA~1\LLVM\bin\clang.exe --target=x86_64-unknown-linux-gnu  -IC:/workspace/Crazy_idea/Bharat-OS/subsys/include -IC:/workspace/Crazy_idea/Bharat-OS/kernel/include -ffreestanding -fno-builtin -fno-stack-protector -fno-pic -fno-pie -std=gnu11 -ffreestanding -nostdlib -Wall -MD -MT subsys/CMakeFiles/subsys_manager.dir/android/android_binder_dist.c.obj -MF subsys\CMakeFiles\subsys_manager.dir\android\android_binder_dist.c.obj.d -o subsys/CMakeFiles/subsys_manager.dir/android/android_binder_dist.c.obj -c C:/workspace/Crazy_idea/Bharat-OS/subsys/android/android_binder_dist.c
In file included from C:/workspace/Crazy_idea/Bharat-OS/subsys/android/android_binder_dist.c:1:
In file included from C:/workspace/Crazy_idea/Bharat-OS/kernel/include\android/android_binder_dist.h:4:
In file included from C:/workspace/Crazy_idea/Bharat-OS/kernel/include\android\android_personality.h:7:
In file included from C:/workspace/Crazy_idea/Bharat-OS/kernel/include\capability.h:6:
C:/workspace/Crazy_idea/Bharat-OS/kernel/include\sched.h:68:5: error: unknown type name 'spinlock_t'
   68 |     spinlock_t lock;
      |     ^
1 error generated.
[9/95] Building C object subsys/CMakeFiles/subsys_manager.dir/android/android_boot.c.obj
FAILED: [code=1] subsys/CMakeFiles/subsys_manager.dir/android/android_boot.c.obj 
C:\PROGRA~1\LLVM\bin\clang.exe --target=x86_64-unknown-linux-gnu  -IC:/workspace/Crazy_idea/Bharat-OS/subsys/include -IC:/workspace/Crazy_idea/Bharat-OS/kernel/include -ffreestanding -fno-builtin -fno-stack-protector -fno-pic -fno-pie -std=gnu11 -ffreestanding -nostdlib -Wall -MD -MT subsys/CMakeFiles/subsys_manager.dir/android/android_boot.c.obj -MF subsys\CMakeFiles\subsys_manager.dir\android\android_boot.c.obj.d -o subsys/CMakeFiles/subsys_manager.dir/android/android_boot.c.obj -c C:/workspace/Crazy_idea/Bharat-OS/subsys/android/android_boot.c
In file included from C:/workspace/Crazy_idea/Bharat-OS/subsys/android/android_boot.c:1:
In file included from C:/workspace/Crazy_idea/Bharat-OS/kernel/include\android/android_boot.h:4:
In file included from C:/workspace/Crazy_idea/Bharat-OS/kernel/include\android\android_personality.h:7:
In file included from C:/workspace/Crazy_idea/Bharat-OS/kernel/include\capability.h:6:
C:/workspace/Crazy_idea/Bharat-OS/kernel/include\sched.h:68:5: error: unknown type name 'spinlock_t'
   68 |     spinlock_t lock;
      |     ^
1 error generated.
[10/95] Building C object subsys/CMakeFiles/subsys_manager.dir/windows/win_compat.c.obj
FAILED: [code=1] subsys/CMakeFiles/subsys_manager.dir/windows/win_compat.c.obj 
C:\PROGRA~1\LLVM\bin\clang.exe --target=x86_64-unknown-linux-gnu  -IC:/workspace/Crazy_idea/Bharat-OS/subsys/include -IC:/workspace/Crazy_idea/Bharat-OS/kernel/include -ffreestanding -fno-builtin -fno-stack-protector -fno-pic -fno-pie -std=gnu11 -ffreestanding -nostdlib -Wall -MD -MT subsys/CMakeFiles/subsys_manager.dir/windows/win_compat.c.obj -MF subsys\CMakeFiles\subsys_manager.dir\windows\win_compat.c.obj.d -o subsys/CMakeFiles/subsys_manager.dir/windows/win_compat.c.obj -c C:/workspace/Crazy_idea/Bharat-OS/subsys/windows/win_compat.c
In file included from C:/workspace/Crazy_idea/Bharat-OS/subsys/windows/win_compat.c:1:
In file included from C:/workspace/Crazy_idea/Bharat-OS/subsys/windows\win_compat.h:4:
In file included from C:/workspace/Crazy_idea/Bharat-OS/subsys/include\subsys.h:5:
In file included from C:/workspace/Crazy_idea/Bharat-OS/subsys/include\../../kernel/include/capability.h:6:
C:/workspace/Crazy_idea/Bharat-OS/subsys/include\../../kernel/include\sched.h:68:5: error: unknown type name 'spinlock_t'
   68 |     spinlock_t lock;
      |     ^
1 error generated.
[11/95] Building C object subsys/CMakeFiles/subsys_manager.dir/src/manager.c.obj
FAILED: [code=1] subsys/CMakeFiles/subsys_manager.dir/src/manager.c.obj 
C:\PROGRA~1\LLVM\bin\clang.exe --target=x86_64-unknown-linux-gnu  -IC:/workspace/Crazy_idea/Bharat-OS/subsys/include -IC:/workspace/Crazy_idea/Bharat-OS/kernel/include -ffreestanding -fno-builtin -fno-stack-protector -fno-pic -fno-pie -std=gnu11 -ffreestanding -nostdlib -Wall -MD -MT subsys/CMakeFiles/subsys_manager.dir/src/manager.c.obj -MF subsys\CMakeFiles\subsys_manager.dir\src\manager.c.obj.d -o subsys/CMakeFiles/subsys_manager.dir/src/manager.c.obj -c C:/workspace/Crazy_idea/Bharat-OS/subsys/src/manager.c
In file included from C:/workspace/Crazy_idea/Bharat-OS/subsys/src/manager.c:1:
In file included from C:/workspace/Crazy_idea/Bharat-OS/subsys/include\subsys.h:5:
In file included from C:/workspace/Crazy_idea/Bharat-OS/subsys/include\../../kernel/include/capability.h:6:
C:/workspace/Crazy_idea/Bharat-OS/subsys/include\../../kernel/include\sched.h:68:5: error: unknown type name 'spinlock_t'
   68 |     spinlock_t lock;
      |     ^
1 error generated.
[12/95] Building C object kernel/CMakeFiles/kernel.elf.dir/src/ai_kernel_bridge.c.obj
FAILED: [code=1] kernel/CMakeFiles/kernel.elf.dir/src/ai_kernel_bridge.c.obj 
C:\PROGRA~1\LLVM\bin\clang.exe --target=x86_64-unknown-linux-gnu -DBHARAT_BOOT_GUI=1 -DBHARAT_BOOT_HW_PROFILE_generic=1 -IC:/workspace/Crazy_idea/Bharat-OS/kernel/include -IC:/workspace/Crazy_idea/Bharat-OS/kernel/include/generated -ffreestanding -fno-builtin -fno-stack-protector -fno-pic -fno-pie -std=gnu11 -ffreestanding -fno-builtin -fno-pic -Wall -Wextra -Werror=implicit-function-declaration -fstack-protector-strong -fno-strict-aliasing -fno-delete-null-pointer-checks -fno-pie -m64 -mno-red-zone -MD -MT kernel/CMakeFiles/kernel.elf.dir/src/ai_kernel_bridge.c.obj -MF kernel\CMakeFiles\kernel.elf.dir\src\ai_kernel_bridge.c.obj.d -o kernel/CMakeFiles/kernel.elf.dir/src/ai_kernel_bridge.c.obj -c C:/workspace/Crazy_idea/Bharat-OS/kernel/src/ai_kernel_bridge.c
In file included from C:/workspace/Crazy_idea/Bharat-OS/kernel/src/ai_kernel_bridge.c:1:
In file included from C:/workspace/Crazy_idea/Bharat-OS/kernel/include\advanced/ai_kernel_bridge.h:7:
In file included from C:/workspace/Crazy_idea/Bharat-OS/kernel/include\capability.h:6:
C:/workspace/Crazy_idea/Bharat-OS/kernel/include\sched.h:68:5: error: unknown type name 'spinlock_t'
   68 |     spinlock_t lock;
      |     ^
1 error generated.
[13/95] Building C object kernel/CMakeFiles/kernel.elf.dir/src/main.c.obj
FAILED: [code=1] kernel/CMakeFiles/kernel.elf.dir/src/main.c.obj 
C:\PROGRA~1\LLVM\bin\clang.exe --target=x86_64-unknown-linux-gnu -DBHARAT_BOOT_GUI=1 -DBHARAT_BOOT_HW_PROFILE_generic=1 -IC:/workspace/Crazy_idea/Bharat-OS/kernel/include -IC:/workspace/Crazy_idea/Bharat-OS/kernel/include/generated -ffreestanding -fno-builtin -fno-stack-protector -fno-pic -fno-pie -std=gnu11 -ffreestanding -fno-builtin -fno-pic -Wall -Wextra -Werror=implicit-function-declaration -fstack-protector-strong -fno-strict-aliasing -fno-delete-null-pointer-checks -fno-pie -m64 -mno-red-zone -MD -MT kernel/CMakeFiles/kernel.elf.dir/src/main.c.obj -MF kernel\CMakeFiles\kernel.elf.dir\src\main.c.obj.d -o kernel/CMakeFiles/kernel.elf.dir/src/main.c.obj -c C:/workspace/Crazy_idea/Bharat-OS/kernel/src/main.c
In file included from C:/workspace/Crazy_idea/Bharat-OS/kernel/src/main.c:3:
In file included from C:/workspace/Crazy_idea/Bharat-OS/kernel/include\advanced/ai_kernel_bridge.h:7:
In file included from C:/workspace/Crazy_idea/Bharat-OS/kernel/include\capability.h:6:
C:/workspace/Crazy_idea/Bharat-OS/kernel/include\sched.h:68:5: error: unknown type name 'spinlock_t'
   68 |     spinlock_t lock;
      |     ^
1 error generated.
[14/95] Building C object subsys/CMakeFiles/subsys_manager.dir/android/android_process.c.obj
FAILED: [code=1] subsys/CMakeFiles/subsys_manager.dir/android/android_process.c.obj 
C:\PROGRA~1\LLVM\bin\clang.exe --target=x86_64-unknown-linux-gnu  -IC:/workspace/Crazy_idea/Bharat-OS/subsys/include -IC:/workspace/Crazy_idea/Bharat-OS/kernel/include -ffreestanding -fno-builtin -fno-stack-protector -fno-pic -fno-pie -std=gnu11 -ffreestanding -nostdlib -Wall -MD -MT subsys/CMakeFiles/subsys_manager.dir/android/android_process.c.obj -MF subsys\CMakeFiles\subsys_manager.dir\android\android_process.c.obj.d -o subsys/CMakeFiles/subsys_manager.dir/android/android_process.c.obj -c C:/workspace/Crazy_idea/Bharat-OS/subsys/android/android_process.c
In file included from C:/workspace/Crazy_idea/Bharat-OS/subsys/android/android_process.c:1:
In file included from C:/workspace/Crazy_idea/Bharat-OS/kernel/include\android/android_process.h:4:
In file included from C:/workspace/Crazy_idea/Bharat-OS/kernel/include\android\android_personality.h:7:
In file included from C:/workspace/Crazy_idea/Bharat-OS/kernel/include\capability.h:6:
C:/workspace/Crazy_idea/Bharat-OS/kernel/include\sched.h:68:5: error: unknown type name 'spinlock_t'
   68 |     spinlock_t lock;
      |     ^
1 error generated.
[15/95] Building C object kernel/CMakeFiles/kernel.elf.dir/src/sched.c.obj
FAILED: [code=1] kernel/CMakeFiles/kernel.elf.dir/src/sched.c.obj 
C:\PROGRA~1\LLVM\bin\clang.exe --target=x86_64-unknown-linux-gnu -DBHARAT_BOOT_GUI=1 -DBHARAT_BOOT_HW_PROFILE_generic=1 -IC:/workspace/Crazy_idea/Bharat-OS/kernel/include -IC:/workspace/Crazy_idea/Bharat-OS/kernel/include/generated -ffreestanding -fno-builtin -fno-stack-protector -fno-pic -fno-pie -std=gnu11 -ffreestanding -fno-builtin -fno-pic -Wall -Wextra -Werror=implicit-function-declaration -fstack-protector-strong -fno-strict-aliasing -fno-delete-null-pointer-checks -fno-pie -m64 -mno-red-zone -MD -MT kernel/CMakeFiles/kernel.elf.dir/src/sched.c.obj -MF kernel\CMakeFiles\kernel.elf.dir\src\sched.c.obj.d -o kernel/CMakeFiles/kernel.elf.dir/src/sched.c.obj -c C:/workspace/Crazy_idea/Bharat-OS/kernel/src/sched.c
In file included from C:/workspace/Crazy_idea/Bharat-OS/kernel/src/sched.c:1:
C:/workspace/Crazy_idea/Bharat-OS/kernel/include\sched.h:68:5: error: unknown type name 'spinlock_t'
   68 |     spinlock_t lock;
      |     ^
In file included from C:/workspace/Crazy_idea/Bharat-OS/kernel/src/sched.c:2:
C:/workspace/Crazy_idea/Bharat-OS/kernel/include\bharat/cpu_local.h:22:10: fatal error: 'bharat/capability.h' file not found
   22 | #include <bharat/capability.h>
      |          ^~~~~~~~~~~~~~~~~~~~~
2 errors generated.
[16/95] Building C object kernel/CMakeFiles/kernel.elf.dir/src/hal/common/fdt_parser.c.obj
C:/workspace/Crazy_idea/Bharat-OS/kernel/src/hal/common/fdt_parser.c:257:9: warning: variable 'is_pmu' set but not used [-Wunused-but-set-variable]
  257 |     int is_pmu = 0;
      |         ^
1 warning generated.
[17/95] Building C object subsys/CMakeFiles/subsys_manager.dir/linux/linux_compat.c.obj
FAILED: [code=1] subsys/CMakeFiles/subsys_manager.dir/linux/linux_compat.c.obj 
C:\PROGRA~1\LLVM\bin\clang.exe --target=x86_64-unknown-linux-gnu  -IC:/workspace/Crazy_idea/Bharat-OS/subsys/include -IC:/workspace/Crazy_idea/Bharat-OS/kernel/include -ffreestanding -fno-builtin -fno-stack-protector -fno-pic -fno-pie -std=gnu11 -ffreestanding -nostdlib -Wall -MD -MT subsys/CMakeFiles/subsys_manager.dir/linux/linux_compat.c.obj -MF subsys\CMakeFiles\subsys_manager.dir\linux\linux_compat.c.obj.d -o subsys/CMakeFiles/subsys_manager.dir/linux/linux_compat.c.obj -c C:/workspace/Crazy_idea/Bharat-OS/subsys/linux/linux_compat.c
In file included from C:/workspace/Crazy_idea/Bharat-OS/subsys/linux/linux_compat.c:2:
In file included from C:/workspace/Crazy_idea/Bharat-OS/subsys/linux\linux_compat.h:5:
In file included from C:/workspace/Crazy_idea/Bharat-OS/subsys/linux\../include/subsys.h:5:
In file included from C:/workspace/Crazy_idea/Bharat-OS/subsys/linux\../include\../../kernel/include/capability.h:6:
C:/workspace/Crazy_idea/Bharat-OS/subsys/linux\../include\../../kernel/include\sched.h:68:5: error: unknown type name 'spinlock_t'
   68 |     spinlock_t lock;
      |     ^
C:/workspace/Crazy_idea/Bharat-OS/subsys/linux/linux_compat.c:130:20: warning: implicit conversion from 'long' to 'int' changes value from 139637976727552 to 0 [-Wconstant-conversion]
  130 |             return 0x7F0000000000;
      |             ~~~~~~ ^~~~~~~~~~~~~~
1 warning and 1 error generated.
[18/95] Building C object kernel/CMakeFiles/kernel.elf.dir/src/arch/x86_64/ext_state.c.obj
FAILED: [code=1] kernel/CMakeFiles/kernel.elf.dir/src/arch/x86_64/ext_state.c.obj 
C:\PROGRA~1\LLVM\bin\clang.exe --target=x86_64-unknown-linux-gnu -DBHARAT_BOOT_GUI=1 -DBHARAT_BOOT_HW_PROFILE_generic=1 -IC:/workspace/Crazy_idea/Bharat-OS/kernel/include -IC:/workspace/Crazy_idea/Bharat-OS/kernel/include/generated -ffreestanding -fno-builtin -fno-stack-protector -fno-pic -fno-pie -std=gnu11 -ffreestanding -fno-builtin -fno-pic -Wall -Wextra -Werror=implicit-function-declaration -fstack-protector-strong -fno-strict-aliasing -fno-delete-null-pointer-checks -fno-pie -m64 -mno-red-zone -MD -MT kernel/CMakeFiles/kernel.elf.dir/src/arch/x86_64/ext_state.c.obj -MF kernel\CMakeFiles\kernel.elf.dir\src\arch\x86_64\ext_state.c.obj.d -o kernel/CMakeFiles/kernel.elf.dir/src/arch/x86_64/ext_state.c.obj -c C:/workspace/Crazy_idea/Bharat-OS/kernel/src/arch/x86_64/ext_state.c
In file included from C:/workspace/Crazy_idea/Bharat-OS/kernel/src/arch/x86_64/ext_state.c:2:
C:/workspace/Crazy_idea/Bharat-OS/kernel/include/generated\../../include/sched.h:68:5: error: unknown type name 'spinlock_t'
   68 |     spinlock_t lock;
      |     ^
1 error generated.
[19/95] Building C object kernel/CMakeFiles/kernel.elf.dir/src/hal/mmu_init.c.obj
[20/95] Building C object kernel/CMakeFiles/kernel.elf.dir/src/hal/iommu_stub.c.obj
[21/95] Building C object kernel/CMakeFiles/kernel.elf.dir/src/mm/pmm.c.obj
C:/workspace/Crazy_idea/Bharat-OS/kernel/src/mm/pmm.c:443:21: warning: array comparison always evaluates to a constant [-Wtautological-compare]
  443 |   if (_pstore_start < _pstore_end) {
      |                     ^
1 warning generated.
ninja: build stopped: subcommand failed.
